../Src/CortexM4/CortexM4_Core_SysTick.c:20:9:SysTick_Init	24	static
../Src/CortexM4/CortexM4_Core_SysTick.c:56:6:SysTick_DeInit	4	static
../Src/CortexM4/CortexM4_Core_SysTick.c:75:6:SysTick_WaitBlocking	16	static
../Src/CortexM4/CortexM4_Core_SysTick.c:99:6:SysTick_SingleInterval	16	static
../Src/CortexM4/CortexM4_Core_SysTick.c:125:6:SysTick_PeriodicInterval	16	static
../Src/CortexM4/CortexM4_Core_SysTick.c:149:10:SysTick_GetRemainingTicks	16	static
../Src/CortexM4/CortexM4_Core_SysTick.c:165:10:SysTick_GetElapsedTicks	16	static
../Src/CortexM4/CortexM4_Core_SysTick.c:175:6:SysTick_Handler	8	static
