../ECU_LAYER/Chr_LCD/chr_lcd.c:409:23:lcd_4bit_send_enable_signal	8	static
../ECU_LAYER/Chr_LCD/chr_lcd.c:422:23:lcd_8bit_send_enable_signal.part.0.isra	8	static
../ECU_LAYER/Chr_LCD/chr_lcd.c:396:23:lcd_send_4bits.isra	16	static
../ECU_LAYER/Chr_LCD/chr_lcd.c:49:16:lcd_4bit_send_command	16	static
../ECU_LAYER/Chr_LCD/chr_lcd.c:22:16:lcd_4bit_initialize	8	static
../ECU_LAYER/Chr_LCD/chr_lcd.c:451:23:lcd_4bit_set_cursor.isra	0	static
../ECU_LAYER/Chr_LCD/chr_lcd.c:69:16:lcd_4bit_send_char_data	16	static
../ECU_LAYER/Chr_LCD/chr_lcd.c:91:16:lcd_4bit_send_char_data_pos	16	static
../ECU_LAYER/Chr_LCD/chr_lcd.c:108:16:lcd_4bit_send_string	16	static
../ECU_LAYER/Chr_LCD/chr_lcd.c:128:16:lcd_4bit_send_string_pos	16	static
../ECU_LAYER/Chr_LCD/chr_lcd.c:150:16:lcd_4bit_send_custom_char	32	static
../ECU_LAYER/Chr_LCD/chr_lcd.c:200:16:lcd_8bit_send_command	24	static
../ECU_LAYER/Chr_LCD/chr_lcd.c:173:16:lcd_8bit_initialize	8	static
../ECU_LAYER/Chr_LCD/chr_lcd.c:434:23:lcd_8bit_set_cursor.isra	0	static
../ECU_LAYER/Chr_LCD/chr_lcd.c:222:16:lcd_8bit_send_char_data	24	static
../ECU_LAYER/Chr_LCD/chr_lcd.c:245:16:lcd_8bit_send_char_data_pos	16	static
../ECU_LAYER/Chr_LCD/chr_lcd.c:262:16:lcd_8bit_send_string	16	static
../ECU_LAYER/Chr_LCD/chr_lcd.c:282:16:lcd_8bit_send_string_pos	16	static
../ECU_LAYER/Chr_LCD/chr_lcd.c:304:16:lcd_8bit_send_custom_char	32	static
../ECU_LAYER/Chr_LCD/chr_lcd.c:326:16:convert_uint8_t_to_string	24	static
../ECU_LAYER/Chr_LCD/chr_lcd.c:349:16:convert_uint16_t_to_string	24	static
../ECU_LAYER/Chr_LCD/chr_lcd.c:372:16:convert_uint32_t_to_string	32	static
