18:01:27 **** Build of configuration Release for project nvic2 ****
make -j8 all 
arm-none-eabi-gcc -mcpu=cortex-m4 -c -x assembler-with-cpp -MMD -MP -MF"Startup/startup_stm32f401retx.d" -MT"Startup/startup_stm32f401retx.o" --specs=nano.specs -mfpu=fpv4-sp-d16 -mfloat-abi=hard -mthumb -o "Startup/startup_stm32f401retx.o" "../Startup/startup_stm32f401retx.s"
arm-none-eabi-gcc "../Src/CortexM4_Core_NVIC.c" -mcpu=cortex-m4 -std=gnu11 -DSTM32 -DSTM32F401RETx -DSTM32F4 -c -I../Inc -Os -ffunction-sections -fdata-sections -Wall -fstack-usage -fcyclomatic-complexity -MMD -MP -MF"Src/CortexM4_Core_NVIC.d" -MT"Src/CortexM4_Core_NVIC.o" --specs=nano.specs -mfpu=fpv4-sp-d16 -mfloat-abi=hard -mthumb -o "Src/CortexM4_Core_NVIC.o"
arm-none-eabi-gcc "../Src/main.c" -mcpu=cortex-m4 -std=gnu11 -DSTM32 -DSTM32F401RETx -DSTM32F4 -c -I../Inc -Os -ffunction-sections -fdata-sections -Wall -fstack-usage -fcyclomatic-complexity -MMD -MP -MF"Src/main.d" -MT"Src/main.o" --specs=nano.specs -mfpu=fpv4-sp-d16 -mfloat-abi=hard -mthumb -o "Src/main.o"
arm-none-eabi-gcc "../Src/syscalls.c" -mcpu=cortex-m4 -std=gnu11 -DSTM32 -DSTM32F401RETx -DSTM32F4 -c -I../Inc -Os -ffunction-sections -fdata-sections -Wall -fstack-usage -fcyclomatic-complexity -MMD -MP -MF"Src/syscalls.d" -MT"Src/syscalls.o" --specs=nano.specs -mfpu=fpv4-sp-d16 -mfloat-abi=hard -mthumb -o "Src/syscalls.o"
arm-none-eabi-gcc "../Src/sysmem.c" -mcpu=cortex-m4 -std=gnu11 -DSTM32 -DSTM32F401RETx -DSTM32F4 -c -I../Inc -Os -ffunction-sections -fdata-sections -Wall -fstack-usage -fcyclomatic-complexity -MMD -MP -MF"Src/sysmem.d" -MT"Src/sysmem.o" --specs=nano.specs -mfpu=fpv4-sp-d16 -mfloat-abi=hard -mthumb -o "Src/sysmem.o"
arm-none-eabi-gcc -o "nvic2.elf" @"objects.list"   -mcpu=cortex-m4 -T"E:\The Courses\Embedded Systems\ARM Interfacing\nvic2\STM32F401RETX_FLASH.ld" --specs=nosys.specs -Wl,-Map="nvic2.map" -Wl,--gc-sections -static --specs=nano.specs -mfpu=fpv4-sp-d16 -mfloat-abi=hard -mthumb -Wl,--start-group -lc -lm -Wl,--end-group
Finished building target: nvic2.elf
 
arm-none-eabi-size   nvic2.elf 
arm-none-eabi-objdump -h -S  nvic2.elf  > "nvic2.list"
   text	   data	    bss	    dec	    hex	filename
    664	      8	   1568	   2240	    8c0	nvic2.elf
Finished building: default.size.stdout
 
Finished building: nvic2.list
 

18:01:28 Build Finished. 0 errors, 0 warnings. (took 916ms)

