17:40:10 **** Incremental Build of configuration Debug for project NVIC_DRIVER2 ****
make -j8 all 
arm-none-eabi-gcc "../Src/CortexM4_Core_NVIC.c" -mcpu=cortex-m4 -std=gnu11 -g3 -DDEBUG -DSTM32 -DSTM32F4 -DSTM32F401VEHx -c -I../Inc -O0 -ffunction-sections -fdata-sections -Wall -fstack-usage -fcyclomatic-complexity -MMD -MP -MF"Src/CortexM4_Core_NVIC.d" -MT"Src/CortexM4_Core_NVIC.o" --specs=nano.specs -mfpu=fpv4-sp-d16 -mfloat-abi=hard -mthumb -o "Src/CortexM4_Core_NVIC.o"
arm-none-eabi-gcc "../Src/main.c" -mcpu=cortex-m4 -std=gnu11 -g3 -DDEBUG -DSTM32 -DSTM32F4 -DSTM32F401VEHx -c -I../Inc -O0 -ffunction-sections -fdata-sections -Wall -fstack-usage -fcyclomatic-complexity -MMD -MP -MF"Src/main.d" -MT"Src/main.o" --specs=nano.specs -mfpu=fpv4-sp-d16 -mfloat-abi=hard -mthumb -o "Src/main.o"
arm-none-eabi-gcc -o "NVIC_DRIVER2.elf" @"objects.list"   -mcpu=cortex-m4 -T"E:\The Courses\Embedded Systems\ARM Interfacing\NVIC_DRIVER2\STM32F401VEHX_FLASH.ld" --specs=nosys.specs -Wl,-Map="NVIC_DRIVER2.map" -Wl,--gc-sections -static --specs=nano.specs -mfpu=fpv4-sp-d16 -mfloat-abi=hard -mthumb -Wl,--start-group -lc -lm -Wl,--end-group
Finished building target: NVIC_DRIVER2.elf
 
arm-none-eabi-size   NVIC_DRIVER2.elf 
arm-none-eabi-objdump -h -S  NVIC_DRIVER2.elf  > "NVIC_DRIVER2.list"
   text	   data	    bss	    dec	    hex	filename
    672	      8	   1568	   2248	    8c8	NVIC_DRIVER2.elf
Finished building: default.size.stdout
 
Finished building: NVIC_DRIVER2.list
 

17:40:12 Build Finished. 0 errors, 0 warnings. (took 1s.371ms)

