22:14:08 **** Incremental Build of configuration Debug for project NVIC_Driver ****
make -j8 all 
arm-none-eabi-gcc "../Src/CortexM4/CortexM4_Core_SysTick.c" -mcpu=cortex-m4 -std=gnu11 -g3 -DDEBUG -DSTM32 -DSTM32F4 -DSTM32F407VGTx -c -I../Inc -O0 -ffunction-sections -fdata-sections -Wall -fstack-usage -fcyclomatic-complexity -MMD -MP -MF"Src/CortexM4/CortexM4_Core_SysTick.d" -MT"Src/CortexM4/CortexM4_Core_SysTick.o" --specs=nano.specs -mfpu=fpv4-sp-d16 -mfloat-abi=hard -mthumb -o "Src/CortexM4/CortexM4_Core_SysTick.o"
arm-none-eabi-gcc "../Src/main.c" -mcpu=cortex-m4 -std=gnu11 -g3 -DDEBUG -DSTM32 -DSTM32F4 -DSTM32F407VGTx -c -I../Inc -O0 -ffunction-sections -fdata-sections -Wall -fstack-usage -fcyclomatic-complexity -MMD -MP -MF"Src/main.d" -MT"Src/main.o" --specs=nano.specs -mfpu=fpv4-sp-d16 -mfloat-abi=hard -mthumb -o "Src/main.o"
arm-none-eabi-gcc -o "NVIC_Driver.elf" @"objects.list"   -mcpu=cortex-m4 -T"E:\The Courses\Embedded Systems\ARM Interfacing\NVIC_Driver\STM32F407VGTX_FLASH.ld" --specs=nosys.specs -Wl,-Map="NVIC_Driver.map" -Wl,--gc-sections -static --specs=nano.specs -mfpu=fpv4-sp-d16 -mfloat-abi=hard -mthumb -Wl,--start-group -lc -lm -Wl,--end-group
Finished building target: NVIC_Driver.elf
 
arm-none-eabi-size   NVIC_Driver.elf 
arm-none-eabi-objdump -h -S  NVIC_Driver.elf  > "NVIC_Driver.list"
   text	   data	    bss	    dec	    hex	filename
    904	      8	   1576	   2488	    9b8	NVIC_Driver.elf
Finished building: default.size.stdout
 
Finished building: NVIC_Driver.list
 

22:14:12 Build Finished. 0 errors, 0 warnings. (took 3s.574ms)

